// Jest Snapshot v1, https://goo.gl/fbAQLP

exports[`Timer correctly renders after relaunch 1`] = `
<div
  className="timer__value"
  xmlns="http://www.w3.org/1999/xhtml"
>
  <span
    className="timer__mins"
  >
    02
  </span>
  <span
    className="timer__dots"
  >
    :
  </span>
  <span
    className="timer__secs"
  >
    03
  </span>
</div>
`;
