// Jest Snapshot v1, https://goo.gl/fbAQLP

exports[`App correctly renders after relaunch 1`] = `
<section
  className="welcome"
>
  <div
    className="welcome__logo"
  >
    <img
      alt="Угадай мелодию"
      height="83"
      src="img/melody-logo.png"
      width="186"
    />
  </div>
  <button
    className="welcome__button"
<<<<<<< HEAD
    onClick={[Function]}
=======
    onClick={[MockFunction]}
>>>>>>> 6b0e87f61ed2bd62e8161c0d0c4e59974006b201
  >
    <span
      className="visually-hidden"
    >
      Начать игру
    </span>
  </button>
  <h2
    className="welcome__rules-title"
  >
    Правила игры
  </h2>
  <p
    className="welcome__text"
  >
    Правила просты:
  </p>
  <ul
    className="welcome__rules-list"
  >
    <li>
      За 
       минут нужно ответить на все вопросы.
    </li>
    <li>
      Можно допустить 
       ошибки.
    </li>
  </ul>
  <p
    className="welcome__text"
  >
    Удачи!
  </p>
</section>
`;
